!#_'3 207
!)xzx 202
!1}`e 187
!4es5 204
!@^^; 207
![#c< 188
!`a/l 205
!b<:; 202
!c-hf 209
!ei/k 218
!mz'( 214
!n~|u 195
!th*a 181
!yb!) 252
!zk9t 203
!{a{3 178
!~3[0 181
!~ldn 209
"+}`? 207
"-"[x 197
"2>c@ 195
">h0l 211
"\0)! 194
"`(3o 209
"h?i] 206
"kc7& 234
"m-/_ 200
"n=,c 230
"n\h* 188
"s#%w 206
"y$/p 211
"|*t) 191
"}|?t 192
#!i'2 188
#)>"c 201
#*75u 202
#+|!) 192
#2"_[ 204
#5!.w 188
#6\bj 208
#9./@ 213
#:[u) 207
#;m') 211
#=4w, 208
#_#e4 209
#a&i, 214
#l%(~ 224
#om9) 198
#uj)_ 246
#uy?? 196
#vt^~ 207
#}itt 225
$$&=h 230
$*/ph 204
$-ogx 206
$.9x' 203
$6`s> 209
$e]2k 205
$s,>/ 206
$sza] 216
$|k6) 207
%#wfe 209
%&89" 223
%/l3? 196
%2\-* 215
%8xxy 197
%<8kf 190
%={>8 196
%?$$) 203
%@^0$ 222
%d^e3 233
%hi;' 194
%i*3\ 210
%n9h_ 228
%n]fp 220
%w=\; 202
%x/}+ 206
%{b9w 206
&*5|c 210
&*x9p 202
&+e|2 186
&-h`n 167
&.4`m 194
&0.[n 204
&3`=? 196
&<c>" 194
&\+95 223
&\fi{ 203
&]%{- 196
&_4-' 227
&a&|, 232
&d4&5 213
&j}#o 214
&xuh[ 219
&|h6q 206
&~={c 214
'!b4q 182
'#|&\ 177
'-7i% 202
'3?@j 215
'8j.k 162
'9'[s 231
'@h6n 200
'^_$h 221
'_</3 191
'bdy2 201
'ca=4 213
'd{'! 201
'gmv* 223
'h,z^ 216
'uu~2 224
'v)6i 198
'y=.v 206
'yp8& 193
'z^s1 183
'~ng[ 195
(!%&d 205
(!9+n 220
(*^~c 228
(+lm: 195
(/##? 199
(0|\/ 195
(4>j\ 203
(9.h6 184
(9vb; 193
(@5u2 191
(\/`/ 210
(nb"4 187
(sy3~ 204
(tk+[ 206
(vt(m 199
(x]i: 191
(|g&8 202
)3jz> 204
)4d5( 204
)4~o] 201
)7n]a 196
)80f[ 203
)?^r4 216
)\]3y 201
)fs!; 203
)hfh# 194
)n`uo 196
)q!o/ 203
)v)/} 196
)x21= 224
*".|b 220
*%ucz 191
*);[@ 185
**1&- 201
*1qh% 225
*7:,0 202
*<d|z 180
*])b/ 189
*c'(> 207
*c[=} 215
*jo}* 180
*m%]f 227
*vsew 209
*w48[ 197
*w[p- 229
*}bv@ 217
+"c_] 220
+$\,} 210
+,d.l 205
+1e3| 184
+7v[o 193
+:>$1 193
+<qgp 231
+?/im 173
+`km` 217
+o61~ 195
+ucj7 203
,#8*o 209
,$nm^ 196
,'-pb 200
,.s>6 174
,^v=l 225
,b&va 198
,d#v7 194
,f:&) 210
,h>m/ 203
,hyc] 190
,k,$v 207
,n)58 200
,ocv' 197
,q,h% 191
,xxi9 218
,z;o" 201
,{?=# 212
-"hk= 207
-/<3j 202
-0_n1 214
-3t94 208
-4#+4 192
-<9_% 234
->k&\ 189
-@}'k 212
-\68- 203
-fs&% 231
-i/b5 210
-j#~> 209
-j41= 199
-t7pf 214
-u/]f 208
-}39d 213
-}7&^ 217
-~d#6 197
.#}m" 202
.&';v 195
.2;.' 223
.2;e9 203
.44!d 212
.5(5" 209
.=$!- 211
.>(n. 183
.`#k0 170
.b-29 187
.c-2x 215
.gby} 214
.h(+$ 203
.pjzv 213
.v~%o 229
.}+w2 207
.}5~[ 214
/#$v" 211
/+-[> 218
//;^> 200
/2jdx 200
/:>^_ 184
/;gpn 216
/[9k# 217
/[ua` 199
/ngx+ 196
/ob5i 201
/p_s` 198
/y6$" 203
/~q9f 188
0!w1? 187
0&s;c 231
016rm 209
0<!4{ 194
0@4,a 204
0``/f 195
0c*zd 199
0jwl` 204
0o+@* 189
0pn_r 203
0vc0x 209
0y*|0 220
1#b0n 210
1%b$. 201
1+di8 199
19=~o 245
1:#su 202
1=sy1 208
1]n!y 188
1_j+2 233
1`wq. 242
1d^?# 190
1e_4g 206
1f{gt 195
1jrld 205
1p`u[ 217
1rlm" 219
1vm(9 212
1w.vq 193
1y.cz 233
1}55k 193
1~\a| 215
1~~p@ 205
2%a|4 204
2&j^. 204
2'&/6 206
2+c.# 181
2,l=] 193
24\zo 204
26-"( 219
2;wwb 194
2=d6r 201
2_&#_ 208
2a;f^ 195
2e3li 188
2fu&5 191
2m3#l 215
2s6@, 200
2u{pw 185
2v_bn 197
2y~t. 207
2{/20 189
2{usc 203
31;t\ 202
3<{7@ 202
3=c+h 228
3['x4 230
3^nhu 216
3o15a 179
3t]_| 192
3z,,k 200
4&>4" 210
4(\@7 204
4)+i, 198
4*5g9 204
4.+]g 216
4.o^m 187
4093i 195
4[zk- 170
4ad2t 220
4e^z` 230
4ll!n 176
4tq.w 194
4u0>5 200
4vr+# 210
4ww_- 188
4|j&\ 225
4}o[s 212
5#14' 211
56!3n 192
56z,g 212
5[=l4 215
5\^'; 212
5];2. 182
5_)*x 208
5`wh, 208
5j"4? 217
5nwi) 206
5u'}~ 194
5w^pm 215
5|'9& 190
6)3d_ 218
6**w; 181
6,qfp 218
6.:7] 195
6/=^. 230
6/unr 187
61^(w 183
61czd 204
63^5| 208
65?hp 195
65h:; 208
66[;a 204
68#5p 192
6=0<+ 193
6?p3k 202
6dy+: 215
6ek'& 195
6h?l] 203
6j"*e 216
6x!\t 219
7$7!a 226
7$x4g 211
72>v~ 218
73ube 224
76&>_ 174
78]_] 191
79=j4 211
7=j23 165
7^}#a 199
7a`*6 206
7e40^ 208
7qs3c 230
7x^<8 197
8%{^& 202
8'>wf 195
86{/& 193
87\*h 224
8>6g; 209
8_p+] 227
8m"~. 200
8nt[? 214
8oe,7 216
8q/6* 209
8t96. 204
8{67_ 232
9'g"5 200
9+3+/ 211
9+{38 223
9,]8< 215
95ww* 190
96[k} 217
9@yfx 206
9^8[; 228
9is[* 192
9nfaq 203
9se$~ 201
:'3(\ 212
:>i6k 177
:?2f2 195
:\q6z 193
:a`_n 214
:ak7+ 206
:g}51 197
:wa_g 213
:yn// 191
:}3_2 196
;#^%a 189
;,-!$ 211
;,@gx 200
;.^%\ 216
;25{w 199
;65se 231
;<\(n 199
;?\ai 175
;](b! 208
;c!g( 210
;d"33 204
;f%tz 211
;iyhk 181
;p'@: 213
;||34 174
;}u${ 220
<"}*1 200
<'&,; 202
<'d9g 218
<+}d# 208
<.am& 187
<.gsx 212
</4`+ 199
<2}\f 217
<40-i 190
<7'z/ 200
<<&up 193
<=wnh 219
<=|s$ 212
<_q@i 226
<c"d@ 216
<f7v) 209
<hbo= 203
<mo_g 217
<v{t' 193
<w#b6 188
<x+,b 207
=(\&* 200
=2n~4 217
==.*d 224
=_v2y 203
=`!#1 221
=`r*s 205
=a]1) 221
=ek0$ 203
=g_z' 216
=i$~a 202
=i07z 212
=o*8, 184
=p@o} 205
=xv9. 205
=ygnj 211
=yg~} 210
>+)>r 202
>-}~` 205
>0--_ 188
>13%l 231
>5a:* 200
>;|}) 213
>@!(x 206
>h,&{ 163
>hlo8 191
>na8n 191
>p!]7 217
>xi2l 194
>yh8, 199
>|g+b 227
>}^s& 202
?!-0# 204
?#r9> 202
?%:ro 186
?(ge^ 219
?,}"a 225
?0l{3 223
?3"._ 200
?:1;5 218
?<rra 190
?[qx` 175
?^;>n 201
?c*x& 210
?dfs~ 204
?hw(1 184
?j4/l 187
?jv{s 226
?mwo4 199
?n?3d 202
?qi^_ 194
?u:5h 230
?y>^l 205
@!#<? 212
@$n+a 214
@':,? 198
@-u%9 210
@0}rx 201
@6)}4 209
@75b^ 210
@:zk! 224
@<<3a 231
@>\f] 234
@>f%# 212
@\3n: 205
@\7i> 215
@_xd[ 202
@`f3| 189
@`g#z 211
@mb<` 192
@t=\_ 202
['wjh 206
[01?4 205
[:mw~ 220
[:}m1 167
[<a*% 235
[]042 195
[^,p[ 191
[a=*5 199
[ahjm 200
[c0h2 189
[dd`| 189
[e$\5 204
[is{) 197
[j!8$ 208
[mt$3 218
[qy}5 228
[s._} 213
[w8i[ 198
[x.o< 221
[y-6d 191
[|ga5 232
[}h:{ 223
\#22m 216
\$x[@ 218
\*#u5 197
\/jxs 211
\/}2] 207
\2fkb 205
\:1@g 198
\;fi^ 209
\?|.u 229
\[+tw 206
\kg%[ 205
\m@&i 226
\~j', 201
]"=vz 196
]*9\y 208
],7re 185
]-8i7 202
]4).; 212
];'3[ 205
]^?]: 206
]l6g# 214
]le1s 191
]ly[3 200
]r1"v 192
]y$^= 216
]|767 212
]}(;k 208
^"7t6 185
^*&`! 181
^2=-} 193
^8<r2 212
^=+<r 212
^_3y2 200
^db.a 206
^g+$h 222
^hw-a 208
^i$p| 187
^i2wb 192
^m+pw 219
^n+m9 210
^ukk: 181
^xkrt 189
_+vzx 183
_/fw$ 199
_2dfm 207
_2xj" 196
_mwp< 215
_ncfm 207
_p$9) 194
_qwm- 202
_ti@_ 192
_uyla 203
_we%~ 212
`'>y~ 193
`1(63 220
`2x|< 217
`5&j? 200
`5v1l 234
`6.)! 216
`75z6 193
`9~6z 189
`;[ml 215
`<5o4 215
`a='+ 203
`a?g3 209
`aii5 207
`b~si 212
`hih$ 199
`l97' 190
`r]^" 169
`t'g2 195
`y?:7 224
a!)!& 221
a#-[+ 193
a$o"0 195
a%:h\ 203
a%ey6 196
a*).j 198
a1/ho 214
a:7mm 202
a<=(h 216
a`\/] 224
ag5dv 188
ao\*, 188
ap*7( 190
apd#. 212
ax32q 204
b"'1] 201
b"60i 185
b(s4[ 179
b*m9i 201
b;lx\ 234
b;p<] 188
b[>p# 193
bor[w 204
bs)jg 211
bw}f2 196
c!3]5 199
c!<@2 228
c1v+` 217
c3+m& 218
c4;i^ 208
c8a[@ 196
c><z; 198
c?|.; 208
c^/+` 204
cd&$x 215
cl!:7 193
co($_ 199
cw%'- 208
cx/([ 199
c|9.~ 240
d$!`= 204
d%e|( 196
d&6kg 186
d*!v~ 220
d2[bu 185
d9/+^ 216
d:?lk 222
d;;$g 208
d>j=3 208
d\.at 195
d_4bh 207
d`4qx 200
da|d@ 211
db(<' 202
djzp_ 184
dq7@w 193
dz}b_ 192
e.>mi 179
e/a@h 212
e357e 212
e4oen 197
e6..( 188
e@`4v 186
e_,9c 231
eb`cx 206
eb{#: 194
eg8]\ 208
ei(0[ 219
ejx:( 211
ew=18 221
e|<82 183
e}*>& 221
f#z2+ 201
f&]]q 196
f&y&u 184
f6%08 211
f[^|~ 218
f_:{f 199
f`?es 196
fd9sc 196
fe5`a 179
fkp*1 221
fr+we 213
fz9>n 191
fzsy< 180
g'kie 184
g)6c- 208
g/btv 177
g/np\ 215
g4~hc 188
g<b%} 189
g?;{} 196
g@x&$ 223
g[_5^ 207
g\8^7 193
gb]$6 196
gcc^m 210
gem%j 208
gen$` 190
gi<g7 214
gjjo[ 206
go=t! 192
gq^"5 207
gug}@ 198
gz902 212
gzce0 220
g|3s8 224
h$s'\ 232
h8+da 203
h<^gy 208
hb8m= 209
ho-9` 209
h~[&[ 194
i,{(/ 210
i/dui 213
i?[($ 194
i@z9* 195
i@}99 202
i\s)@ 203
i^t%w 185
i`.!] 187
if.m1 219
if>*l 190
ifd54 209
ike`) 203
it\!7 215
iw&~_ 217
ix$>f 192
i~?[0 215
j%&\0 188
j(5#+ 210
j-rt[ 215
j3n-2 175
j9@%! 212
j;1\= 209
j@y0x 193
je/s? 209
jgli] 218
ji/)@ 217
jn`_4 202
js'63 193
ju2w; 195
jw*[: 198
jz*)h 206
j|6kg 219
k"f7@ 220
k#-?? 216
k$9[= 218
k)c1e 211
k)m8h 194
k*]r' 215
k.:.( 206
k09cp 222
k2wq% 242
k7q:& 191
k8xay 207
k9imn 178
k_$s4 222
kb=+x 197
kd\\` 191
kio\- 196
kl{tn 191
l!b`f 227
l!rn, 211
l#"<[ 211
l#vu8 216
l%%|^ 222
l,|i, 195
l/f\\ 200
l2_u` 188
l;9!t 203
l<461 215
l=o>n 190
la??% 203
lf[31 217
lm'3+ 197
lm+q? 208
loug? 203
lvf2r 210
ly[o: 193
l|lw| 211
m71:9 207
m:nph 192
m>{:~ 213
m@#67 215
mdi8# 213
mfdb" 196
m{[:f 186
m~8k] 219
n(h8e 216
n05oq 199
n3tf> 207
n9=f' 182
n?thd 186
n^]>+ 194
ne%[f 190
neupn 213
nk],z 194
nngh% 198
ns/rb 211
nu\jn 226
nw`8( 201
o#,$t 228
o*'%m 199
o,0.1 213
o3;\$ 195
o8'>' 191
o9e#e 220
o@tu~ 186
o`17) 209
ob*1. 232
ob`kl 218
of@io 204
oi!2] 201
on$3> 181
ot1ic 221
p$3}e 225
p'/yq 218
p)^4~ 184
p8_)& 199
p=*}$ 189
p?+|c 226
pb%)% 221
pc9z[ 212
pcp01 183
pm)c# 216
pr>|o 178
p{<,w 227
q)vah 189
q44y2 218
q8f=* 217
q;zey 207
q@aj% 222
q^qv; 202
qa[us 182
qb?j' 199
qcbr~ 210
qm"3z 194
qvfam 224
qw&:e 208
qwgyi 169
r'!<x 184
r.(\) 225
r2p?! 203
r7lz{ 218
r8&&@ 173
r<j+2 218
rgi&` 206
ri!t\ 215
rjp-7 193
ryl'h 214
r{r/{ 172
s+mm[ 168
s.)3f 208
s3k." 183
s5z3: 215
s970k 183
sb.,( 205
sb8{r 213
sh(%_ 189
sl\\x 198
snb;u 204
sz8/~ 184
s|]`o 217
t*77| 204
t-,hf 208
t05~} 186
t45|l 210
t;v+; 211
t=[fw 212
t\}w| 194
t^hx] 201
t_5i? 199
talo0 197
thdb& 179
tjl-e 191
ts&um 192
tt0&l 219
ty=k, 218
u""v, 205
u'%p< 226
u)l@v 242
u.e{= 202
u2iv9 207
u75_( 222
u;a;1 214
u=?,p 215
ubai_ 191
uh&=[ 193
uhs|+ 210
ujg4a 192
up>c> 198
url}} 223
uv:wc 204
v">\r 210
v'r2t 179
v([.& 229
v([/. 187
v,|m] 193
v-wkl 186
v2;6{ 214
v6lij 191
v91j" 221
v=)%g 210
v\s.b 202
vo.9] 211
vr7l* 220
vr{r; 217
vuw'{ 211
v{%\4 188
w$/lk 198
w*5(% 225
w2'b' 206
w29au 201
w\q2l 204
wb_m4 220
wl4/! 197
wr$/k 222
wt,a< 203
wx&*n 197
x!~t= 202
x#+9, 188
x&w9r 173
x(uhr 179
x)aqc 198
x?+28 229
x?n5t 233
x\s;j 195
xd"]s 184
xj@l. 186
xn<kb 206
xw@xj 182
xzkl" 218
x|zr' 217
y!h<w 211
y!z?u 202
y)923 185
y*)>c 228
y*)q* 209
y*,$= 216
y/qu4 207
y<ym` 204
y^3{e 210
ya'+a 197
ydl\` 206
yi(^o 211
yl@kq 194
ys'7" 215
ysc\p 211
z7x]* 220
z<x|{ 216
z]-w! 204
zfu{c 214
zj~sh 199
z~^jo 223
{!/$2 208
{.l*x 210
{/cp3 195
{49y] 216
{='%& 205
{@0wh 233
{\h2, 164
{^d_a 193
{d!g( 194
{d5vu 193
{j9"h 200
{m6ek 207
{m_2\ 200
{t"v! 196
{{~~s 200
|%0;h 196
|0uv1 190
|?v/@ 194
|@kt\ 209
|_7=0 232
|d96v 227
|q*7r 199
|q6>e 224
|yph| 213
}'("k 210
}..+3 209
}28.; 222
}=w:r 186
}>du) 204
}^;13 178
}`')n 198
}ir1e 212
}n62f 221
}nti< 204
}q_`7 203
}t)yf 211
~%rt} 190
~>>/* 199
~?79j 208
~@}m4 200
~frfn 211
~gd&[ 226
~iy8l 212
~m{@w 204
~n}9u 211
~pg~' 221
~picu 203
~rb1+ 225
~|u24 171
